// Jest Snapshot v1, https://goo.gl/fbAQLP

exports[`Event renders correctly 1`] = `
.c0 {
  text-overflow: ellipsis;
  white-space: nowrap;
  overflow: hidden;
  cursor: pointer;
  padding: 3px;
  color: white;
  font-size: 12px;
  border-radius: 2px;
  background: #ff9b34;
}

.c0 span {
  padding: 0 10px 0 2px;
}

.c0.ishalfday {
  background: linear-gradient( to top, #ff9b34 0%, #ff9b34 50%, #ff9b34CC 51%, #ff9b34CC 100% );
}

<div
  className="c0"
/>
`;
