// Jest Snapshot v1, https://goo.gl/fbAQLP

exports[`AllHolidays renders correctly 1`] = `
<Card>
  <h3>
    All Holidays
  </h3>
  <styled.table>
    <tbody>
      <tr>
        <th>
          Status
        </th>
        <th>
          Employee
        </th>
        <th>
          Date
        </th>
        <th>
          Created
        </th>
      </tr>
      <tr
        key="123"
      >
        <td>
          <styled.div
            status={1}
          />
          Pending
        </td>
        <td>
          Joe Bloggs
        </td>
        <td>
          2018/1/1
        </td>
        <td>
          undefined/undefined/undefined
        </td>
        <td>
          <button
            onClick={[Function]}
          >
            Edit
          </button>
        </td>
      </tr>
    </tbody>
  </styled.table>
</Card>
`;
