// Jest Snapshot v1, https://goo.gl/fbAQLP

exports[`AllHolidays renders correctly 1`] = `
<React.Fragment>
  <_class
    closeModal={[Function]}
    holiday={Object {}}
  />
  <h2>
    All Holidays
  </h2>
  <HolidayList
    columns={
      Array [
        "status",
        "employee",
        "startDate",
        "endDate",
        "requestedDate",
      ]
    }
    holidays={
      Array [
        Object {
          "date": Array [
            1,
            1,
            2018,
          ],
          "dateCreated": 2018-08-15T09:40:36.752Z,
          "employee": Object {
            "forename": "Joe",
            "surname": "Bloggs",
          },
          "holidayId": 123,
          "holidayStatusId": 1,
        },
      ]
    }
    onRowClick={[Function]}
  />
</React.Fragment>
`;
