// Jest Snapshot v1, https://goo.gl/fbAQLP

exports[`AllHolidays renders correctly 1`] = `
<Card>
  <h3>
    All Holidays
  </h3>
  <_class
    actions={Array []}
    columns={
      Array [
        "status",
        "employee",
        "startDate",
        "endDate",
        "requestedDate",
      ]
    }
    holidays={
      Array [
        Object {
          "date": Array [
            1,
            1,
            2018,
          ],
          "dateCreated": 2018-06-25T15:21:08.823Z,
          "employee": Object {
            "forename": "Joe",
            "surname": "Bloggs",
          },
          "holidayId": 123,
          "holidayStatusId": 1,
        },
      ]
    }
  />
</Card>
`;
