// Jest Snapshot v1, https://goo.gl/fbAQLP

exports[`BookingModal renders correctly 1`] = `
<Card>
  <styled.div>
    <h3>
      Create Employee
    </h3>
    <form
      autoComplete="off"
    >
      <label
        id="forenameLbl"
      >
        Forename:
        <input
          disabled={false}
          name="forename"
          onChange={[MockFunction]}
          type="text"
          value=""
        />
      </label>
      <label
        id="surnameLbl"
      >
        Surname:
        <input
          disabled={false}
          name="surname"
          onChange={[MockFunction]}
          type="text"
          value=""
        />
      </label>
      <label
        id="emailLbl"
      >
        Email:
        <input
          disabled={false}
          name="email"
          onChange={[MockFunction]}
          type="text"
          value="email@email.com"
        />
      </label>
      <label
        id="passwordLbl"
      >
        Password:
        <input
          autoComplete="new-password"
          disabled={false}
          name="password"
          onChange={[MockFunction]}
          type="password"
          value="password"
        />
      </label>
      <label
        id="countryLbl"
      >
        Country:
        <select
          disabled={false}
          name="country"
          onChange={[MockFunction]}
          value="Northern Ireland"
        >
          <option
            value={1}
          >
            Northern Ireland
          </option>
          <option
            value={2}
          >
            Mexico
          </option>
        </select>
      </label>
      <label
        id="roleLbl"
      >
        Role:
        <select
          disabled={false}
          name="employeeRole"
          onChange={[MockFunction]}
          value="Admin"
        >
          <option
            value={3}
          >
            Employee
          </option>
          <option
            value={1}
          >
            Team Leader
          </option>
          <option
            value={2}
          >
            System Admin
          </option>
        </select>
      </label>
      <label
        id="startDateLbl"
      >
        Start Date:
        <DatePicker
          allowSameDay={false}
          dateFormat="L"
          dateFormatCalendar="MMMM YYYY"
          disabled={false}
          disabledKeyboardNavigation={false}
          dropdownMode="scroll"
          monthsShown={1}
          onBlur={[Function]}
          onChange={[MockFunction]}
          onClickOutside={[Function]}
          onFocus={[Function]}
          onKeyDown={[Function]}
          onMonthChange={[Function]}
          onSelect={[Function]}
          onYearChange={[Function]}
          preventOpenOnFocus={false}
          selected={"2018-01-01T09:00:00.000Z"}
          shouldCloseOnSelect={true}
          showTimeSelect={false}
          timeCaption="Time"
          timeIntervals={30}
          withPortal={false}
        />
      </label>
      <Button
        disabled={false}
        id="createUserBtn"
        label="Create User"
        onClick={[MockFunction]}
      />
    </form>
    <Errorbox
      error={null}
      id="errorCreateUser"
      label="Error creating user"
    />
  </styled.div>
</Card>
`;
