// Jest Snapshot v1, https://goo.gl/fbAQLP

exports[`Legend snapshot 1`] = `
<Legend
  employees={
    Array [
      Object {
        "displayValue": "All",
        "value": -1,
      },
    ]
  }
  eventsKeyList={
    Array [
      Object {
        "active": false,
        "eventStatusId": 1,
        "key": 1,
        "type": "event",
      },
      Object {
        "active": false,
        "eventStatusId": 2,
        "key": 2,
        "type": "event",
      },
      Object {
        "active": false,
        "eventStatusId": 3,
        "key": 3,
        "type": "event",
      },
      Object {
        "active": false,
        "eventStatusId": 4,
        "key": 4,
        "type": "event",
      },
      Object {
        "active": false,
        "eventStatusId": 5,
        "key": 5,
        "type": "status",
      },
      Object {
        "active": false,
        "eventStatusId": 6,
        "key": 6,
        "type": "status",
      },
      Object {
        "active": false,
        "eventStatusId": 7,
        "key": 7,
        "type": "status",
      },
    ]
  }
  formStatus={[Function]}
  onToggleKey={[Function]}
  selectedEmployee={
    Object {
      "employeeId": -1,
    }
  }
/>
`;
